<!DOCTYPE html>
<html>
<head>
<title>Custom options first set</title>
</head>
<body>
<!--Scripts-->
<script type="text/javascript" src="js/script_one.js"></script>
<script type="text/javascript" src="js/script_two.js"></script>
<!--/Scripts-->
</body>
</html>
